[debug] [2024-05-12T00:03:43.537Z] ----------------------------------------------------------------------
[debug] [2024-05-12T00:03:43.541Z] Command:       C:\Program Files\nodejs\node.exe C:\Users\victor.moreno\AppData\Roaming\npm\node_modules\firebase-tools\lib\bin\firebase.js deploy
[debug] [2024-05-12T00:03:43.542Z] CLI Version:   13.7.5
[debug] [2024-05-12T00:03:43.543Z] Platform:      win32
[debug] [2024-05-12T00:03:43.543Z] Node Version:  v18.15.0
[debug] [2024-05-12T00:03:43.547Z] Time:          Sat May 11 2024 19:03:43 GMT-0500 (hora estándar de Colombia)
[debug] [2024-05-12T00:03:43.547Z] ----------------------------------------------------------------------
[debug] 
[debug] [2024-05-12T00:03:43.569Z] >>> [apiv2][query] GET https://firebase-public.firebaseio.com/cli.json [none]
[debug] [2024-05-12T00:03:43.844Z] > command requires scopes: ["email","openid","https://www.googleapis.com/auth/cloudplatformprojects.readonly","https://www.googleapis.com/auth/firebase","https://www.googleapis.com/auth/cloud-platform"]
[debug] [2024-05-12T00:03:43.846Z] > authorizing via signed-in user (vamv86@gmail.com)
[debug] [2024-05-12T00:03:43.849Z] [iam] checking project hogarsagradafamilia-84f58 for permissions ["firebase.projects.get","firebasehosting.sites.update"]
[debug] [2024-05-12T00:03:43.852Z] > refreshing access token with scopes: []
[debug] [2024-05-12T00:03:43.854Z] >>> [apiv2][query] POST https://www.googleapis.com/oauth2/v3/token [none]
[debug] [2024-05-12T00:03:43.854Z] >>> [apiv2][body] POST https://www.googleapis.com/oauth2/v3/token [omitted]
[debug] [2024-05-12T00:03:44.184Z] *** [apiv2] error from fetch(https://www.googleapis.com/oauth2/v3/token, {"headers":{},"method":"POST","body":{"_overheadLength":545,"_valueLength":212,"_valuesToMeasure":[],"writable":false,"readable":true,"dataSize":0,"maxDataSize":2097152,"pauseStreams":true,"_released":true,"_streams":[],"_currentStream":null,"_insideLoop":false,"_pendingNext":false,"_boundary":"--------------------------810642212972744108144937","_events":{},"_eventsCount":1}}): FetchError: request to https://www.googleapis.com/oauth2/v3/token failed, reason: self-signed certificate in certificate chain
[debug] [2024-05-12T00:03:44.185Z] [iam] error while checking permissions, command may fail: FirebaseError: Authentication Error: Your credentials are no longer valid. Please run firebase login --reauth

For CI servers and headless environments, generate a new token with firebase login:ci
[debug] [2024-05-12T00:03:44.187Z] > refreshing access token with scopes: []
[debug] [2024-05-12T00:03:44.188Z] >>> [apiv2][query] POST https://www.googleapis.com/oauth2/v3/token [none]
[debug] [2024-05-12T00:03:44.188Z] >>> [apiv2][body] POST https://www.googleapis.com/oauth2/v3/token [omitted]
[debug] [2024-05-12T00:03:44.339Z] *** [apiv2] error from fetch(https://www.googleapis.com/oauth2/v3/token, {"headers":{},"method":"POST","body":{"_overheadLength":545,"_valueLength":212,"_valuesToMeasure":[],"writable":false,"readable":true,"dataSize":0,"maxDataSize":2097152,"pauseStreams":true,"_released":true,"_streams":[],"_currentStream":null,"_insideLoop":false,"_pendingNext":false,"_boundary":"--------------------------196717708880355288547411","_events":{},"_eventsCount":1}}): FetchError: request to https://www.googleapis.com/oauth2/v3/token failed, reason: self-signed certificate in certificate chain
[debug] [2024-05-12T00:03:44.340Z] Authentication Error: Your credentials are no longer valid. Please run firebase login --reauth

For CI servers and headless environments, generate a new token with firebase login:ci
[debug] [2024-05-12T00:03:44.362Z] *** [apiv2] error from fetch(https://firebase-public.firebaseio.com/cli.json, {"headers":{},"method":"GET"}): FetchError: request to https://firebase-public.firebaseio.com/cli.json failed, reason: self-signed certificate in certificate chain
[warn] !  Unable to fetch the CLI MOTD and remote config. This is not a fatal error, but may indicate an issue with your network connection. 
[debug] [2024-05-12T00:03:44.364Z] Failed to fetch MOTD FirebaseError: Failed to make request to https://firebase-public.firebaseio.com/cli.json
[error] 
[error] Error: Assertion failed: resolving hosting target of a site with no site name or target name. This should have caused an error earlier
